Archive member included to satisfy reference by file (symbol)

C:/Users/ergop/Documents/github/study/2019/tcar_sample/Libraries/libtk.a(int.o)
                              C:/Users/ergop/Documents/github/study/2019/tcar_sample/Libraries/icrt0.o (EnableInt)
C:/Users/ergop/Documents/github/study/2019/tcar_sample/Libraries/libtk.a(disint.o)
                              C:/Users/ergop/Documents/github/study/2019/tcar_sample/Libraries/libtk.a(int.o) (disint)
C:/Users/ergop/Documents/github/study/2019/tcar_sample/Libraries/libtkernel.a(tkstart.o)
                              C:/Users/ergop/Documents/github/study/2019/tcar_sample/Libraries/sysinit.o (knl_t_kernel_main)
C:/Users/ergop/Documents/github/study/2019/tcar_sample/Libraries/libtkernel.a(timer.o)
                              C:/Users/ergop/Documents/github/study/2019/tcar_sample/Libraries/libtkernel.a(tkstart.o) (knl_timer_initialize)
C:/Users/ergop/Documents/github/study/2019/tcar_sample/Libraries/libtkernel.a(tkdev_init.o)
                              C:/Users/ergop/Documents/github/study/2019/tcar_sample/Libraries/libtkernel.a(tkstart.o) (knl_tkdev_initialize)
C:/Users/ergop/Documents/github/study/2019/tcar_sample/Libraries/libtkernel.a(cpu_init.o)
                              C:/Users/ergop/Documents/github/study/2019/tcar_sample/Libraries/libtkernel.a(tkstart.o) (knl_cpu_initialize)
C:/Users/ergop/Documents/github/study/2019/tcar_sample/Libraries/libtkernel.a(cpu_support.o)
                              C:/Users/ergop/Documents/github/study/2019/tcar_sample/Libraries/vector.o (knl_dispatch_to_schedtsk)
C:/Users/ergop/Documents/github/study/2019/tcar_sample/Libraries/libtkernel.a(tk_cre_tsk.o)
                              C:/Users/ergop/Documents/github/study/2019/tcar_sample/Libraries/libtkernel.a(tkstart.o) (tk_cre_tsk)
C:/Users/ergop/Documents/github/study/2019/tcar_sample/Libraries/libtkernel.a(tk_sta_tsk.o)
                              C:/Users/ergop/Documents/github/study/2019/tcar_sample/Libraries/libtkernel.a(tkstart.o) (tk_sta_tsk)
C:/Users/ergop/Documents/github/study/2019/tcar_sample/Libraries/libtkernel.a(hll_inthdr.o)
                              C:/Users/ergop/Documents/github/study/2019/tcar_sample/Libraries/libtkernel.a(cpu_support.o) (knl_hll_inthdr)
C:/Users/ergop/Documents/github/study/2019/tcar_sample/Libraries/libtkernel.a(tk_dly_tsk.o)
                              Output/tcar_sample Debug/Obj/usermain.o (tk_dly_tsk)
C:/Users/ergop/Documents/github/study/2019/tcar_sample/Libraries/libtkernel.a(lowpow_discnt.o)
                              C:/Users/ergop/Documents/github/study/2019/tcar_sample/Libraries/libtkernel.a(cpu_support.o) (knl_lowpow_discnt)
C:/Users/ergop/Documents/github/study/2019/tcar_sample/Libraries/libtkernel.a(svc_ientry.o)
                              C:/Users/ergop/Documents/github/study/2019/tcar_sample/Libraries/libtkernel.a(cpu_support.o) (knl_svc_ientry)
C:/Users/ergop/Documents/github/study/2019/tcar_sample/Libraries/libtkernel.a(eventflag_initialize.o)
                              C:/Users/ergop/Documents/github/study/2019/tcar_sample/Libraries/libtkernel.a(tkstart.o) (knl_eventflag_initialize)
C:/Users/ergop/Documents/github/study/2019/tcar_sample/Libraries/libtkernel.a(mailbox_initialize.o)
                              C:/Users/ergop/Documents/github/study/2019/tcar_sample/Libraries/libtkernel.a(tkstart.o) (knl_mailbox_initialize)
C:/Users/ergop/Documents/github/study/2019/tcar_sample/Libraries/libtkernel.a(fix_memorypool_initialize.o)
                              C:/Users/ergop/Documents/github/study/2019/tcar_sample/Libraries/libtkernel.a(tkstart.o) (knl_fix_memorypool_initialize)
C:/Users/ergop/Documents/github/study/2019/tcar_sample/Libraries/libtkernel.a(memorypool_initialize.o)
                              C:/Users/ergop/Documents/github/study/2019/tcar_sample/Libraries/libtkernel.a(tkstart.o) (knl_memorypool_initialize)
C:/Users/ergop/Documents/github/study/2019/tcar_sample/Libraries/libtkernel.a(messagebuffer_initialize.o)
                              C:/Users/ergop/Documents/github/study/2019/tcar_sample/Libraries/libtkernel.a(tkstart.o) (knl_messagebuffer_initialize)
C:/Users/ergop/Documents/github/study/2019/tcar_sample/Libraries/libtkernel.a(mutex_initialize.o)
                              C:/Users/ergop/Documents/github/study/2019/tcar_sample/Libraries/libtkernel.a(tkstart.o) (knl_mutex_initialize)
C:/Users/ergop/Documents/github/study/2019/tcar_sample/Libraries/libtkernel.a(rendezvous_initialize.o)
                              C:/Users/ergop/Documents/github/study/2019/tcar_sample/Libraries/libtkernel.a(tkstart.o) (knl_rendezvous_initialize)
C:/Users/ergop/Documents/github/study/2019/tcar_sample/Libraries/libtkernel.a(semaphore_initialize.o)
                              C:/Users/ergop/Documents/github/study/2019/tcar_sample/Libraries/libtkernel.a(tkstart.o) (knl_semaphore_initialize)
[...]
Memory Configuration

Name             Origin             Length             Attributes
FLASH            0x0000000000000000 0x0000000000080000 xr
RAM              0x0000000020000800 0x000000000001f800 xrw
*default*        0x0000000000000000 0xffffffffffffffff

Linker script and memory map


.text           0x0000000000000000     0x28e0
                0x0000000000000000                __vector_org = .
 *(.vector)
 .vector        0x0000000000000000      0x240 C:/Users/ergop/Documents/github/study/2019/tcar_sample/Libraries/vector.o
                0x0000000000000240                __start = .
 *(.text)
 .text          0x0000000000000240       0xe0 C:/Users/ergop/Documents/github/study/2019/tcar_sample/Libraries/clock_mode.o
                0x0000000000000240                enable_pll
                0x000000000000031c                disable_pll
 .text          0x0000000000000320       0xa0 C:/Users/ergop/Documents/github/study/2019/tcar_sample/Libraries/icrt0.o
                0x0000000000000320                startup_common
 .text          0x00000000000003c0       0x14 C:/Users/ergop/Documents/github/study/2019/tcar_sample/Libraries/inittask_main.o
                0x00000000000003c0                knl_init_task_main
 .text          0x00000000000003d4        0x8 C:/Users/ergop/Documents/github/study/2019/tcar_sample/Libraries/power.o
                0x00000000000003d4                knl_low_pow
                0x00000000000003d8                knl_off_pow
 .text          0x00000000000003dc       0x70 C:/Users/ergop/Documents/github/study/2019/tcar_sample/Libraries/rom_init.o
                0x00000000000003dc                Reset_Handler
 .text          0x000000000000044c       0xbc C:/Users/ergop/Documents/github/study/2019/tcar_sample/Libraries/startup.o
                0x000000000000044c                startup_device
 .text          0x0000000000000508       0xec C:/Users/ergop/Documents/github/study/2019/tcar_sample/Libraries/sysinit.o
                0x0000000000000508                knl_init_device
                0x000000000000050c                knl_start_device
                0x0000000000000510                knl_finish_device
                0x0000000000000514                knl_restart_device
                0x0000000000000564                knl_init_task
                0x0000000000000578                knl_init_system
                0x00000000000005a0                knl_start_system
                0x00000000000005c8                knl_shutdown_system
 .text          0x00000000000005f4       0x14 C:/Users/ergop/Documents/github/study/2019/tcar_sample/Libraries/vector.o
                0x00000000000005f4                NMI_Handler
                0x00000000000005f6                HardFault_Handler
                0x00000000000005f8                MemManage_Handler
                0x00000000000005fa                BusFault_Handler
                0x00000000000005fc                UsageFault_Handler
                0x0000000000000600                DebugMon_Handler
                0x0000000000000604                INTMTCAP30_IRQHandler
                0x0000000000000604                INTDMADAA_IRQHandler
                0x0000000000000604                INTCANTX_IRQHandler
                0x0000000000000604                INTCAP70_IRQHandler
                0x0000000000000604                INTDMARX2_IRQHandler
                0x0000000000000604                INT7_IRQHandler
                0x0000000000000604                INTENC0_IRQHandler
                0x0000000000000604                INTA_IRQHandler
                0x0000000000000604                INTTX2_IRQHandler
                0x0000000000000604                INTMTTB10_IRQHandler
                0x0000000000000604                INTSSP0_IRQHandler
                0x0000000000000604                INTCANGB_IRQHandler
                0x0000000000000604                INTCAP61_IRQHandler
                0x0000000000000604                INTMTCAP10_IRQHandler
                0x0000000000000604                INT4_IRQHandler
                0x0000000000000604                INTTX0_IRQHandler
                0x0000000000000604                INTCAP00_IRQHandler
                0x0000000000000604                INTCAP31_IRQHandler
                0x0000000000000604                INTMTEMG3_IRQHandler
                0x0000000000000604                INTCAP50_IRQHandler
                0x0000000000000604                INTCAP11_IRQHandler
                0x0000000000000604                INTB_IRQHandler
                0x0000000000000604                INTDMASPT2_IRQHandler
                0x0000000000000604                INTMTCAP11_IRQHandler
                0x0000000000000604                INTDMATB_IRQHandler
                0x0000000000000604                INTSBI0_IRQHandler
                0x0000000000000604                INTDMASPT1_IRQHandler
                0x0000000000000604                INTE_IRQHandler
                0x0000000000000604                INTCAP21_IRQHandler
                0x0000000000000604                INTDMATX3_IRQHandler
                0x0000000000000604                INTMTTB21_IRQHandler
                0x0000000000000604                INTDMAUTT0_IRQHandler
                0x0000000000000604                INTDMASPR2_IRQHandler
                0x0000000000000604                INTUSBH_IRQHandler
                0x0000000000000604                INTUART1_IRQHandler
                0x0000000000000604                INTF_IRQHandler
                0x0000000000000604                INTCAP41_IRQHandler
                0x0000000000000604                INTADA_IRQHandler
                0x0000000000000604                INTSSP1_IRQHandler
                0x0000000000000604                INTADAHP_IRQHandler
                0x0000000000000604                INTDMASBI2_IRQHandler
                0x0000000000000604                INT0_IRQHandler
                0x0000000000000604                INTMTTB01_IRQHandler
                0x0000000000000604                INTTB2_IRQHandler
                0x0000000000000604                INTDMATX0_IRQHandler
                0x0000000000000604                INTPMD1_IRQHandler
                0x0000000000000604                INTDMATX1_IRQHandler
                0x0000000000000604                INTDMADAB_IRQHandler
                0x0000000000000604                INT8_IRQHandler
                0x0000000000000604                INTADBM1_IRQHandler
                0x0000000000000604                INTCAP20_IRQHandler
                0x0000000000000604                INTMTCAP01_IRQHandler
                0x0000000000000604                INTMTEMG0_IRQHandler
                0x0000000000000604                INTMTEMG2_IRQHandler
                0x0000000000000604                INTCANRX_IRQHandler
                0x0000000000000604                INTSBI1_IRQHandler
                0x0000000000000604                INTMTTB30_IRQHandler
                0x0000000000000604                INT6_IRQHandler
                0x0000000000000604                INTETHWK_IRQHandler
                0x0000000000000604                INTSSP2_IRQHandler
                0x0000000000000604                INTDMASBI1_IRQHandler
                0x0000000000000604                INTDMASPR1_IRQHandler
                0x0000000000000604                INTTB0_IRQHandler
                0x0000000000000604                INTC_IRQHandler
                0x0000000000000604                INTDMAUTR0_IRQHandler
                0x0000000000000604                INTMTTB20_IRQHandler
                0x0000000000000604                INTCAP51_IRQHandler
                0x0000000000000604                INTSBI2_IRQHandler
                0x0000000000000604                INTMTCAP21_IRQHandler
                0x0000000000000604                INTCAP60_IRQHandler
                0x0000000000000604                INTUSBDPON_INTD_IRQHandler
                0x0000000000000604                INTMTCAP31_IRQHandler
                0x0000000000000604                INT5_IRQHandler
                0x0000000000000604                INTADBHP_IRQHandler
                0x0000000000000604                INTTB6_IRQHandler
                0x0000000000000604                INTCAP71_IRQHandler
                0x0000000000000604                INTRTC_IRQHandler
                0x0000000000000604                INTDMAADB_IRQHandler
                0x0000000000000604                INTTB7_IRQHandler
                0x0000000000000604                INTETH_IRQHandler
                0x0000000000000604                INTDMASPR0_IRQHandler
                0x0000000000000604                INTDMAUTR1_IRQHandler
                0x0000000000000604                INTDMAAERR_IRQHandler
                0x0000000000000604                INTDMAUTT1_IRQHandler
                0x0000000000000604                INTADAM1_IRQHandler
                0x0000000000000604                INTMTEMG1_IRQHandler
                0x0000000000000604                INTCAP40_IRQHandler
                0x0000000000000604                INTTX3_IRQHandler
                0x0000000000000604                INTTB4_IRQHandler
                0x0000000000000604                INTUART0_IRQHandler
                0x0000000000000604                INTTB3_IRQHandler
                0x0000000000000604                INT2_IRQHandler
                0x0000000000000604                INTEMG1_IRQHandler
                0x0000000000000604                INTCAP30_IRQHandler
                0x0000000000000604                INTTX1_IRQHandler
                0x0000000000000604                INTMTTB11_IRQHandler
                0x0000000000000604                INTADAM0_IRQHandler
                0x0000000000000604                INTTB1_IRQHandler
                0x0000000000000604                INTCAP01_IRQHandler
                0x0000000000000604                INTRX0_IRQHandler
                0x0000000000000604                INTMTTB00_IRQHandler
                0x0000000000000604                INTDMABERR_IRQHandler
                0x0000000000000604                INTMTCAP00_IRQHandler
                0x0000000000000604                INTADBM0_IRQHandler
                0x0000000000000604                INT1_IRQHandler
                0x0000000000000604                INTTB5_IRQHandler
                0x0000000000000604                INTENC1_IRQHandler
                0x0000000000000604                INTDMARQ_IRQHandler
                0x0000000000000604                INTRX3_IRQHandler
                0x0000000000000604                INTMTCAP20_IRQHandler
                0x0000000000000604                INTDMASPT0_IRQHandler
                0x0000000000000604                INTDMAADA_IRQHandler
                0x0000000000000604                INTDMATX2_IRQHandler
                0x0000000000000604                INTEMG0_IRQHandler
                0x0000000000000604                INT9_IRQHandler
                0x0000000000000604                INTRX1_IRQHandler
                0x0000000000000604                INTUSBWKUP_IRQHandler
                0x0000000000000604                INTRMCRX_IRQHandler
                0x0000000000000604                INTRX2_IRQHandler
                0x0000000000000604                INTMTTB31_IRQHandler
                0x0000000000000604                INTADB_IRQHandler
                0x0000000000000604                INTDMARX0_IRQHandler
                0x0000000000000604                INT3_IRQHandler
                0x0000000000000604                INTUSBD_IRQHandler
                0x0000000000000604                INTDMARX3_IRQHandler
                0x0000000000000604                INTPMD0_IRQHandler
                0x0000000000000604                INTDMARX1_IRQHandler
                0x0000000000000604                INTCAP10_IRQHandler
 .text          0x0000000000000608       0xbc C:/Users/ergop/Documents/github/study/2019/tcar_sample/Libraries/libtk.a(int.o)
                0x0000000000000608                SetCpuIntLevel
                0x0000000000000614                GetCpuIntLevel
                0x0000000000000624                EnableInt
                0x000000000000065c                DisableInt
                0x0000000000000674                SetPendingInt
                0x0000000000000690                ClearPendingInt
                0x00000000000006a8                CheckInt
 .text          0x00000000000006c4       0x1c C:/Users/ergop/Documents/github/study/2019/tcar_sample/Libraries/libtk.a(disint.o)
                0x00000000000006c4                disint
                0x00000000000006d0                enaint
                0x00000000000006d8                get_basepri
 .text          0x00000000000006e0      0x1f0 C:/Users/ergop/Documents/github/study/2019/tcar_sample/Libraries/libtkernel.a(tkstart.o)
                0x00000000000006f8                knl_t_kernel_main
                0x00000000000008ac                knl_t_kernel_shutdown
                0x00000000000008bc                knl_t_kernel_exit
 .text          0x00000000000008d0      0x16c C:/Users/ergop/Documents/github/study/2019/tcar_sample/Libraries/libtkernel.a(timer.o)
                0x0000000000000914                knl_timer_initialize
                0x0000000000000954                knl_timer_shutdown
                0x0000000000000960                knl_timer_insert
                0x0000000000000988                knl_timer_insert_reltim
                0x00000000000009a0                knl_timer_insert_abs
                0x00000000000009ac                knl_timer_handler
 .text          0x0000000000000a3c       0x18 C:/Users/ergop/Documents/github/study/2019/tcar_sample/Libraries/libtkernel.a(tkdev_init.o)
                0x0000000000000a3c                knl_tkdev_initialize
                0x0000000000000a40                knl_tkdev_exit
 .text          0x0000000000000a54        0x8 C:/Users/ergop/Documents/github/study/2019/tcar_sample/Libraries/libtkernel.a(cpu_init.o)
                0x0000000000000a54                knl_cpu_initialize
                0x0000000000000a58                knl_cpu_shutdown
 .text          0x0000000000000a5c      0x1ac C:/Users/ergop/Documents/github/study/2019/tcar_sample/Libraries/libtkernel.a(cpu_support.o)
                0x0000000000000a5c                knl_dispatch_to_schedtsk
                0x0000000000000a7c                knl_dispatch_entry
                0x0000000000000ae0                knl_inthdr_startup
                0x0000000000000b20                tk_ret_int
                0x0000000000000b24                knl_no_support
                0x0000000000000b28                knl_svcall_entry
                0x0000000000000b62                knl_call_entry
                0x0000000000000b8c                knl_timer_handler_startup
                0x0000000000000ba6                knl_force_dispatch
                0x0000000000000bba                knl_dispatch
                0x0000000000000bc4                knl_getXPSR
                0x0000000000000bca                knl_getBASEPRI
                0x0000000000000bd0                knl_getPRIMASK
 .text          0x0000000000000c08      0x108 C:/Users/ergop/Documents/github/study/2019/tcar_sample/Libraries/libtkernel.a(tk_cre_tsk.o)
                0x0000000000000c08                tk_cre_tsk
 .text          0x0000000000000d10       0xa8 C:/Users/ergop/Documents/github/study/2019/tcar_sample/Libraries/libtkernel.a(tk_sta_tsk.o)
                0x0000000000000d10                tk_sta_tsk
 .text          0x0000000000000db8       0x9c C:/Users/ergop/Documents/github/study/2019/tcar_sample/Libraries/libtkernel.a(tk_dly_tsk.o)
                0x0000000000000db8                tk_dly_tsk
 .text          0x0000000000000e54       0x74 C:/Users/ergop/Documents/github/study/2019/tcar_sample/Libraries/libtkernel.a(svc_ientry.o)
                0x0000000000000e54                knl_svc_ientry
 .text          0x0000000000000ec8       0x34 C:/Users/ergop/Documents/github/study/2019/tcar_sample/Libraries/libtkernel.a(eventflag_initialize.o)
                0x0000000000000ec8                knl_eventflag_initialize
 .text          0x0000000000000efc       0x34 C:/Users/ergop/Documents/github/study/2019/tcar_sample/Libraries/libtkernel.a(mailbox_initialize.o)
                0x0000000000000efc                knl_mailbox_initialize
 .text          0x0000000000000f30       0x38 C:/Users/ergop/Documents/github/study/2019/tcar_sample/Libraries/libtkernel.a(fix_memorypool_initialize.o)
                0x0000000000000f30                knl_fix_memorypool_initialize
 .text          0x0000000000000f68       0x24 C:/Users/ergop/Documents/github/study/2019/tcar_sample/Libraries/libtkernel.a(memorypool_initialize.o)
                0x0000000000000f68                knl_memorypool_initialize
 .text          0x0000000000000f8c       0x34 C:/Users/ergop/Documents/github/study/2019/tcar_sample/Libraries/libtkernel.a(messagebuffer_initialize.o)
                0x0000000000000f8c                knl_messagebuffer_initialize
 .text          0x0000000000000fc0       0x24 C:/Users/ergop/Documents/github/study/2019/tcar_sample/Libraries/libtkernel.a(mutex_initialize.o)
                0x0000000000000fc0                knl_mutex_initialize
 .text          0x0000000000000fe4       0x34 C:/Users/ergop/Documents/github/study/2019/tcar_sample/Libraries/libtkernel.a(rendezvous_initialize.o)
                0x0000000000000fe4                knl_rendezvous_initialize
 .text          0x0000000000001018       0x34 C:/Users/ergop/Documents/github/study/2019/tcar_sample/Libraries/libtkernel.a(semaphore_initialize.o)
                0x0000000000001018                knl_semaphore_initialize
 .text          0x000000000000104c       0x34 C:/Users/ergop/Documents/github/study/2019/tcar_sample/Libraries/libtkernel.a(cyclichandler_initialize.o)
                0x000000000000104c                knl_cyclichandler_initialize
 .text          0x0000000000001080       0x34 C:/Users/ergop/Documents/github/study/2019/tcar_sample/Libraries/libtkernel.a(alarmhandler_initialize.o)
                0x0000000000001080                knl_alarmhandler_initialize
 .text          0x00000000000010b4       0x18 C:/Users/ergop/Documents/github/study/2019/tcar_sample/Libraries/libtkernel.a(subsystem_initialize.o)
                0x00000000000010b4                knl_subsystem_initialize
 .text          0x00000000000010cc       0x70 C:/Users/ergop/Documents/github/study/2019/tcar_sample/Libraries/libtkernel.a(initialize_devmgr.o)
                0x00000000000010cc                knl_initialize_devmgr
 .text          0x000000000000113c       0x1c C:/Users/ergop/Documents/github/study/2019/tcar_sample/Libraries/libtkernel.a(finish_devmgr.o)
                0x000000000000113c                knl_finish_devmgr
 .text          0x0000000000001158       0x8c C:/Users/ergop/Documents/github/study/2019/tcar_sample/Libraries/libtkernel.a(task_initialize.o)
                0x0000000000001158                knl_task_initialize
 .text          0x00000000000011e4       0x60 C:/Users/ergop/Documents/github/study/2019/tcar_sample/Libraries/libtkernel.a(make_dormant.o)
                0x00000000000011e4                knl_make_dormant
 .text          0x0000000000001244       0x54 C:/Users/ergop/Documents/github/study/2019/tcar_sample/Libraries/libtkernel.a(make_ready.o)
                0x0000000000001244                knl_make_ready
 .text          0x0000000000001298       0x44 C:/Users/ergop/Documents/github/study/2019/tcar_sample/Libraries/libtkernel.a(make_wait_reltim.o)
                0x0000000000001298                knl_make_wait_reltim
 .text          0x00000000000012dc       0x70 C:/Users/ergop/Documents/github/study/2019/tcar_sample/Libraries/libtkernel.a(imalloc.o)
                0x00000000000012dc                knl_Imalloc
 .text          0x000000000000134c       0x64 C:/Users/ergop/Documents/github/study/2019/tcar_sample/Libraries/libtkernel.a(ifree.o)
                0x000000000000134c                knl_Ifree
 .text          0x00000000000013b0       0x8c C:/Users/ergop/Documents/github/study/2019/tcar_sample/Libraries/libtkernel.a(init_imalloc.o)
                0x00000000000013b0                knl_init_Imalloc
 .text          0x000000000000143c       0x2c C:/Users/ergop/Documents/github/study/2019/tcar_sample/Libraries/libtkernel.a(devmgr_startup.o)
                0x000000000000143c                knl_devmgr_startup
 .text          0x0000000000001468       0x64 C:/Users/ergop/Documents/github/study/2019/tcar_sample/Libraries/libtkernel.a(devmgr_cleanup.o)
                0x0000000000001468                knl_devmgr_cleanup
 .text          0x00000000000014cc       0x6c C:/Users/ergop/Documents/github/study/2019/tcar_sample/Libraries/libtkernel.a(initdevio.o)
                0x00000000000014cc                knl_initDevIO
 .text          0x0000000000001538        0x4 C:/Users/ergop/Documents/github/study/2019/tcar_sample/Libraries/libtkernel.a(finishdevio.o)
                0x0000000000001538                knl_finishDevIO
 .text          0x000000000000153c      0x228 C:/Users/ergop/Documents/github/study/2019/tcar_sample/Libraries/libtkernel.a(close_device.o)
                0x000000000000153c                knl_close_device
 .text          0x0000000000001764       0xac C:/Users/ergop/Documents/github/study/2019/tcar_sample/Libraries/libtkernel.a(make_non_ready.o)
                0x0000000000001764                knl_make_non_ready
 .text          0x0000000000001810       0x38 C:/Users/ergop/Documents/github/study/2019/tcar_sample/Libraries/libtkernel.a(wait_release_tmout.o)
                0x0000000000001810                knl_wait_release_tmout
 .text          0x0000000000001848       0x60 C:/Users/ergop/Documents/github/study/2019/tcar_sample/Libraries/libtkernel.a(searchfreearea.o)
                0x0000000000001848                knl_searchFreeArea
 .text          0x00000000000018a8       0x58 C:/Users/ergop/Documents/github/study/2019/tcar_sample/Libraries/libtkernel.a(appendfreearea.o)
                0x00000000000018a8                knl_appendFreeArea
 .text          0x0000000000001900       0x54 C:/Users/ergop/Documents/github/study/2019/tcar_sample/Libraries/libtkernel.a(removefreeque.o)
                0x0000000000001900                knl_removeFreeQue
 .text          0x0000000000001954       0x18 C:/Users/ergop/Documents/github/study/2019/tcar_sample/Libraries/libtkernel.a(insertareaque.o)
                0x0000000000001954                knl_insertAreaQue
 .text          0x000000000000196c       0x18 C:/Users/ergop/Documents/github/study/2019/tcar_sample/Libraries/libtkernel.a(removeareaque.o)
                0x000000000000196c                knl_removeAreaQue
 .text          0x0000000000001984       0x10 C:/Users/ergop/Documents/github/study/2019/tcar_sample/Libraries/libtkernel.a(tk_get_tid.o)
                0x0000000000001984                tk_get_tid
 .text          0x0000000000001994       0x80 C:/Users/ergop/Documents/github/study/2019/tcar_sample/Libraries/libtkernel.a(tk_del_sem.o)
                0x0000000000001994                tk_del_sem
 .text          0x0000000000001a14      0x198 C:/Users/ergop/Documents/github/study/2019/tcar_sample/Libraries/libtkernel.a(tk_wai_sem.o)
                0x0000000000001a8c                tk_wai_sem
 .text          0x0000000000001bac       0x3c C:/Users/ergop/Documents/github/study/2019/tcar_sample/Libraries/libtkernel.a(delopncb.o)
                0x0000000000001bac                knl_delOpnCB
 .text          0x0000000000001be8       0x28 C:/Users/ergop/Documents/github/study/2019/tcar_sample/Libraries/libtkernel.a(delreqcb.o)
                0x0000000000001be8                knl_delReqCB
 .text          0x0000000000001c10       0x24 C:/Users/ergop/Documents/github/study/2019/tcar_sample/Libraries/libtkernel.a(chkopen.o)
                0x0000000000001c10                knl_chkopen
 .text          0x0000000000001c34       0x44 C:/Users/ergop/Documents/github/study/2019/tcar_sample/Libraries/libtkernel.a(wait_release_ok.o)
                0x0000000000001c34                knl_wait_release_ok
 .text          0x0000000000001c78       0x5c C:/Users/ergop/Documents/github/study/2019/tcar_sample/Libraries/libtkernel.a(wait_delete.o)
                0x0000000000001c78                knl_wait_delete
 .text          0x0000000000001cd4       0x68 C:/Users/ergop/Documents/github/study/2019/tcar_sample/Libraries/libtkernel.a(gcb_make_wait.o)
                0x0000000000001cd4                knl_gcb_make_wait
 .text          0x0000000000001d3c       0x40 C:/Users/ergop/Documents/github/study/2019/tcar_sample/Libraries/libtkernel.a(gcb_change_priority.o)
                0x0000000000001d3c                knl_gcb_change_priority
 .text          0x0000000000001d7c       0x28 C:/Users/ergop/Documents/github/study/2019/tcar_sample/Libraries/libtkernel.a(gcb_top_of_wait_queue.o)
                0x0000000000001d7c                knl_gcb_top_of_wait_queue
 .text          0x0000000000001da4       0x44 C:/Users/ergop/Documents/github/study/2019/tcar_sample/Libraries/libtkernel.a(make_wait.o)
                0x0000000000001da4                knl_make_wait
 .text          0x0000000000001de8        0x4 C:/Users/ergop/Documents/github/study/2019/tcar_sample/Libraries/libtm.a(tm_monitor.o)
                0x0000000000001de8                tm_monitor
 .text          0x0000000000001dec       0x24 C:/Users/ergop/Documents/github/study/2019/tcar_sample/Libraries/libtm.a(tm_putstring.o)
                0x0000000000001dec                tm_putstring
 .text          0x0000000000001e10        0x4 C:/Users/ergop/Documents/github/study/2019/tcar_sample/Libraries/libtm.a(tm_exit.o)
                0x0000000000001e10                tm_exit
 .text          0x0000000000001e14      0x2d0 C:/Users/ergop/Documents/github/study/2019/tcar_sample/Libraries/libtm.a(SEGGER_RTT.o)
                0x0000000000001e14                SEGGER_RTT_Read
                0x0000000000001eb0                SEGGER_RTT_Write
                0x0000000000001f80                SEGGER_RTT_WriteString
                0x0000000000001fa4                SEGGER_RTT_GetKey
                0x0000000000001fc8                SEGGER_RTT_WaitKey
                0x0000000000001fe8                SEGGER_RTT_HasKey
                0x0000000000001ffc                SEGGER_RTT_ConfigUpBuffer
                0x000000000000205c                SEGGER_RTT_ConfigDownBuffer
                0x00000000000020b4                SEGGER_RTT_Init
                0x00000000000020b8                sio_send_frame
                0x00000000000020c4                sio_send_wait
                0x00000000000020c8                sio_recv_frame
                0x00000000000020e0                sio_init
 .text          0x00000000000020e4       0x30 C:/Users/ergop/Documents/github/study/2019/tcar_sample/Libraries/libtm.a(tm_putchar.o)
                0x00000000000020e4                tm_putchar
 .text          0x0000000000002114       0x88 C:/Users/ergop/Documents/github/study/2019/tcar_sample/Libraries/libstr.a(memset.o)
                0x0000000000002114                memset
 .text          0x000000000000219c       0x1c C:/Users/ergop/Documents/github/study/2019/tcar_sample/Libraries/libstr.a(memcpy.o)
                0x000000000000219c                memcpy
 .text          0x00000000000021b8        0x8 C:/Users/ergop/Documents/github/study/2019/tcar_sample/Libraries/libtk.a(mlock.o)
                0x00000000000021b8                MLock
 .text          0x00000000000021c0       0x2c C:/Users/ergop/Documents/github/study/2019/tcar_sample/Libraries/libtk.a(munlock.o)
                0x00000000000021c0                MUnlock
 .text          0x00000000000021ec       0x38 C:/Users/ergop/Documents/github/study/2019/tcar_sample/Libraries/libtk.a(createmlock.o)
                0x00000000000021ec                CreateMLock
 .text          0x0000000000002224       0x24 C:/Users/ergop/Documents/github/study/2019/tcar_sample/Libraries/libtk.a(deletemlock.o)
                0x0000000000002224                DeleteMLock
 .text          0x0000000000002248       0x58 C:/Users/ergop/Documents/github/study/2019/tcar_sample/Libraries/libtk.a(mlocktmo.o)
                0x0000000000002248                MLockTmo
 .text          0x00000000000022a0       0x94 C:/Users/ergop/Documents/github/study/2019/tcar_sample/Libraries/libtkernel.a(tk_cre_flg.o)
                0x00000000000022a0                tk_cre_flg
 .text          0x0000000000002334       0x80 C:/Users/ergop/Documents/github/study/2019/tcar_sample/Libraries/libtkernel.a(tk_del_flg.o)
                0x0000000000002334                tk_del_flg
 .text          0x00000000000023b4       0xe8 C:/Users/ergop/Documents/github/study/2019/tcar_sample/Libraries/libtkernel.a(tk_set_flg.o)
                0x00000000000023b4                tk_set_flg
 .text          0x000000000000249c      0x16c C:/Users/ergop/Documents/github/study/2019/tcar_sample/Libraries/libtkernel.a(tk_wai_flg.o)
                0x00000000000024b4                tk_wai_flg
 .text          0x0000000000002608       0x38 C:/Users/ergop/Documents/github/study/2019/tcar_sample/Libraries/libstr.a(strncpy.o)
                0x0000000000002608                strncpy
 *(.text.*)
 .text.usermain
                0x0000000000002640       0xa8 Output/tcar_sample Debug/Obj/usermain.o
                0x0000000000002640                usermain
 .text.startup  0x00000000000026e8       0x14 C:/Users/ergop/Documents/github/study/2019/tcar_sample/Libraries/sysinit.o
                0x00000000000026e8                main
 *(.rodata)
 .rodata        0x00000000000026fc       0x23 C:/Users/ergop/Documents/github/study/2019/tcar_sample/Libraries/inittask_main.o
 *fill*         0x000000000000271f        0x1 00000000
 .rodata        0x0000000000002720        0xc C:/Users/ergop/Documents/github/study/2019/tcar_sample/Libraries/libtkernel.a(tk_dly_tsk.o)
 .rodata        0x000000000000272c       0x18 C:/Users/ergop/Documents/github/study/2019/tcar_sample/Libraries/libtkernel.a(tk_wai_sem.o)
 .rodata        0x0000000000002744        0x1 C:/Users/ergop/Documents/github/study/2019/tcar_sample/Libraries/libtm.a(tm_putchar.o)
 *fill*         0x0000000000002745        0x3 00000000
 .rodata        0x0000000000002748       0x18 C:/Users/ergop/Documents/github/study/2019/tcar_sample/Libraries/libtkernel.a(tk_wai_flg.o)
 *(.rodata.*)
 .rodata.knl_c_init_task
                0x0000000000002760       0x18 Output/tcar_sample Debug/Obj/inittask_def.o
                0x0000000000002760                knl_c_init_task
 .rodata.str1.4
                0x0000000000002778       0x78 C:/Users/ergop/Documents/github/study/2019/tcar_sample/Libraries/sysinit.o
 .rodata.str1.4
                0x00000000000027f0       0xd3 C:/Users/ergop/Documents/github/study/2019/tcar_sample/Libraries/libtkernel.a(tkstart.o)
                                         0xdf (size before relaxing)
 *fill*         0x00000000000028c3        0x1 00000000
 .rodata.str1.4
                0x00000000000028c4        0x5 C:/Users/ergop/Documents/github/study/2019/tcar_sample/Libraries/libtkernel.a(initialize_devmgr.o)
 *fill*         0x00000000000028c9        0x3 00000000
 .rodata.str1.4
                0x00000000000028cc        0xc C:/Users/ergop/Documents/github/study/2019/tcar_sample/Libraries/libtm.a(SEGGER_RTT.o)
                                          0x9 (size before relaxing)
                0x00000000000028e0                . = ALIGN (0x10)
 *fill*         0x00000000000028d8        0x8 00000000

.glue_7         0x0000000000000000        0x0
 .glue_7        0x0000000000000000        0x0 linker stubs

.glue_7t        0x0000000000000000        0x0
 .glue_7t       0x0000000000000000        0x0 linker stubs

.vfp11_veneer   0x0000000000000000        0x0
 .vfp11_veneer  0x0000000000000000        0x0 linker stubs

.v4_bx          0x0000000000000000        0x0
 .v4_bx         0x0000000000000000        0x0 linker stubs

.iplt           0x0000000000000000        0x0
 .iplt          0x0000000000000000        0x0 Output/tcar_sample Debug/Obj/inittask_def.o

.rel.dyn        0x0000000000000000        0x0
 .rel.iplt      0x0000000000000000        0x0 Output/tcar_sample Debug/Obj/inittask_def.o
                0x0000000000000000                . = ALIGN (0x4)
                0x0000000000000000                __data_org = .

vector          0x0000000020000800      0x240
                0x0000000020000800                __vector_start = .
 *(.data_vector)
 .data_vector   0x0000000020000800      0x240 C:/Users/ergop/Documents/github/study/2019/tcar_sample/Libraries/rom_init.o
                0x0000000020000840                knl_intvec
                0x0000000020000a40                __vector_end = .

.data           0x0000000020000a40       0x78 load address 0x00000000000028e0
                0x0000000020000a40                __data_start = .
 *(.data)
 .data          0x0000000020000a40       0x78 C:/Users/ergop/Documents/github/study/2019/tcar_sample/Libraries/libtm.a(SEGGER_RTT.o)
 *(.data.*)
                0x0000000020000ab8                . = ALIGN (0x4)
                0x0000000020000ab8                __data_end = .

.igot.plt       0x0000000020000800        0x0
 .igot.plt      0x0000000020000800        0x0 Output/tcar_sample Debug/Obj/inittask_def.o

.bss            0x0000000020000ab8     0x2a78 load address 0x0000000000002958
                0x0000000020000ab8                __bss_start = .
                [!provide]                        PROVIDE (__noinit_start = .)
 *(.noinit)
 .noinit        0x0000000020000ab8       0x18 C:/Users/ergop/Documents/github/study/2019/tcar_sample/Libraries/libtkernel.a(timer.o)
                0x0000000020000ab8                knl_timer_queue
                0x0000000020000ac0                knl_current_time
                0x0000000020000ac8                knl_real_time_ofs
 .noinit        0x0000000020000ad0       0x80 C:/Users/ergop/Documents/github/study/2019/tcar_sample/Libraries/libtkernel.a(cpu_init.o)
                0x0000000020000ad0                knl_tmp_stack
 .noinit        0x0000000020000b50      0x200 C:/Users/ergop/Documents/github/study/2019/tcar_sample/Libraries/libtkernel.a(hll_inthdr.o)
                0x0000000020000b50                knl_hll_inthdr
 .noinit        0x0000000020000d50      0x188 C:/Users/ergop/Documents/github/study/2019/tcar_sample/Libraries/libtkernel.a(flgcb_table.o)
                0x0000000020000d50                knl_free_flgcb
                0x0000000020000d58                knl_flgcb_table
 .noinit        0x0000000020000ed8       0xe8 C:/Users/ergop/Documents/github/study/2019/tcar_sample/Libraries/libtkernel.a(mbxcb_table.o)
                0x0000000020000ed8                knl_free_mbxcb
                0x0000000020000ee0                knl_mbxcb_table
 .noinit        0x0000000020000fc0      0x1c8 C:/Users/ergop/Documents/github/study/2019/tcar_sample/Libraries/libtkernel.a(mpfcb_table.o)
                0x0000000020000fc0                knl_free_mpfcb
                0x0000000020000fc8                knl_mpfcb_table
 .noinit        0x0000000020001188       0x70 C:/Users/ergop/Documents/github/study/2019/tcar_sample/Libraries/libtkernel.a(mplcb_table.o)
                0x0000000020001188                knl_free_mplcb
                0x0000000020001190                knl_mplcb_table
 .noinit        0x00000000200011f8      0x1a8 C:/Users/ergop/Documents/github/study/2019/tcar_sample/Libraries/libtkernel.a(mbfcb_table.o)
                0x00000000200011f8                knl_free_mbfcb
                0x0000000020001200                knl_mbfcb_table
 .noinit        0x00000000200013a0       0x48 C:/Users/ergop/Documents/github/study/2019/tcar_sample/Libraries/libtkernel.a(mtxcb_table.o)
                0x00000000200013a0                knl_free_mtxcb
                0x00000000200013a8                knl_mtxcb_table
 .noinit        0x00000000200013e8       0x98 C:/Users/ergop/Documents/github/study/2019/tcar_sample/Libraries/libtkernel.a(porcb_table.o)
                0x00000000200013e8                knl_free_porcb
                0x00000000200013f0                knl_porcb_table
 .noinit        0x0000000020001480      0x1c8 C:/Users/ergop/Documents/github/study/2019/tcar_sample/Libraries/libtkernel.a(semcb_table.o)
                0x0000000020001480                knl_free_semcb
                0x0000000020001488                knl_semcb_table
 .noinit        0x0000000020001648       0xa8 C:/Users/ergop/Documents/github/study/2019/tcar_sample/Libraries/libtkernel.a(cyccb_table.o)
                0x0000000020001648                knl_free_cyccb
                0x0000000020001650                knl_cyccb_table
 .noinit        0x00000000200016f0      0x128 C:/Users/ergop/Documents/github/study/2019/tcar_sample/Libraries/libtkernel.a(almcb_table.o)
                0x00000000200016f0                knl_free_almcb
                0x00000000200016f8                knl_almcb_table
 .noinit        0x0000000020001818       0x10 C:/Users/ergop/Documents/github/study/2019/tcar_sample/Libraries/libtkernel.a(ssycb_table.o)
                0x0000000020001818                knl_ssycb_table
 .noinit        0x0000000020001828      0x250 C:/Users/ergop/Documents/github/study/2019/tcar_sample/Libraries/libtkernel.a(devcbtbl.o)
                0x0000000020001828                knl_FreeDevCB
                0x0000000020001830                knl_UsedDevCB
                0x0000000020001838                knl_DevCBtbl
 .noinit        0x0000000020001a78        0xc C:/Users/ergop/Documents/github/study/2019/tcar_sample/Libraries/libtkernel.a(devmgrlock.o)
                0x0000000020001a78                knl_DevMgrLock
 .noinit        0x0000000020001a84        0x4 C:/Users/ergop/Documents/github/study/2019/tcar_sample/Libraries/libtkernel.a(defaultidev.o)
                0x0000000020001a84                knl_DefaultIDev
 .noinit        0x0000000020001a88      0x11c C:/Users/ergop/Documents/github/study/2019/tcar_sample/Libraries/libtkernel.a(ctxtsk.o)
                0x0000000020001a88                knl_ready_queue
                0x0000000020001b98                knl_schedtsk
                0x0000000020001b9c                knl_ctxtsk
                0x0000000020001ba0                knl_dispatch_disabled
 .noinit        0x0000000020001ba4      0xe08 C:/Users/ergop/Documents/github/study/2019/tcar_sample/Libraries/libtkernel.a(tcb_table.o)
                0x0000000020001ba4                knl_free_tcb
                0x0000000020001bac                knl_tcb_table
 .noinit        0x00000000200029ac      0x408 C:/Users/ergop/Documents/github/study/2019/tcar_sample/Libraries/libtkernel.a(opncbtbl.o)
                0x00000000200029ac                knl_FreeOpnCB
                0x00000000200029b4                knl_OpnCBtbl
 .noinit        0x0000000020002db4      0x348 C:/Users/ergop/Documents/github/study/2019/tcar_sample/Libraries/libtkernel.a(reqcbtbl.o)
                0x0000000020002db4                knl_FreeReqCB
                0x0000000020002dbc                knl_ReqCBtbl
 .noinit        0x00000000200030fc        0xc C:/Users/ergop/Documents/github/study/2019/tcar_sample/Libraries/libtkernel.a(resource_control_block.o)
                0x00000000200030fc                knl_resource_control_block
 .noinit        0x0000000020003108        0x4 C:/Users/ergop/Documents/github/study/2019/tcar_sample/Libraries/libtkernel.a(imacb.o)
                0x0000000020003108                knl_imacb
                [!provide]                        PROVIDE (__noinit_end = .)
 *(.bss)
 .bss           0x000000002000310c        0x4 C:/Users/ergop/Documents/github/study/2019/tcar_sample/Libraries/sysinit.o
                0x000000002000310c                knl_taskindp
 .bss           0x0000000020003110        0x4 C:/Users/ergop/Documents/github/study/2019/tcar_sample/Libraries/libtkernel.a(lowpow_discnt.o)
                0x0000000020003110                knl_lowpow_discnt
 .bss           0x0000000020003114        0x4 C:/Users/ergop/Documents/github/study/2019/tcar_sample/Libraries/libtkernel.a(dissuscnt.o)
                0x0000000020003114                knl_DisSusCnt
 .bss           0x0000000020003118      0x410 C:/Users/ergop/Documents/github/study/2019/tcar_sample/Libraries/libtm.a(SEGGER_RTT.o)
 *(.bss.*)
 *(COMMON)
 COMMON         0x0000000020003528        0x8 C:/Users/ergop/Documents/github/study/2019/tcar_sample/Libraries/icrt0.o
                0x0000000020003528                knl_lowmem_top
                0x000000002000352c                knl_lowmem_limit
                0x0000000020003530                . = ALIGN (0x4)
                0x0000000020003530                __bss_end = .
                0x0000000020003530                __end = .
START GROUP
LOAD Output/tcar_sample Debug/Obj/inittask_def.o
LOAD Output/tcar_sample Debug/Obj/usermain.o
LOAD C:/Users/ergop/Documents/github/study/2019/tcar_sample/Libraries/clock_mode.o
LOAD C:/Users/ergop/Documents/github/study/2019/tcar_sample/Libraries/icrt0.o
LOAD C:/Users/ergop/Documents/github/study/2019/tcar_sample/Libraries/inittask_main.o
LOAD C:/Users/ergop/Documents/github/study/2019/tcar_sample/Libraries/power.o
LOAD C:/Users/ergop/Documents/github/study/2019/tcar_sample/Libraries/rom_init.o
LOAD C:/Users/ergop/Documents/github/study/2019/tcar_sample/Libraries/startup.o
LOAD C:/Users/ergop/Documents/github/study/2019/tcar_sample/Libraries/sysinit.o
LOAD C:/Users/ergop/Documents/github/study/2019/tcar_sample/Libraries/vector.o
LOAD C:/Users/ergop/Documents/github/study/2019/tcar_sample/Libraries/libcoap.a
LOAD C:/Users/ergop/Documents/github/study/2019/tcar_sample/Libraries/libdrvif.a
LOAD C:/Users/ergop/Documents/github/study/2019/tcar_sample/Libraries/libfixpt.a
LOAD C:/Users/ergop/Documents/github/study/2019/tcar_sample/Libraries/libstr.a
LOAD C:/Users/ergop/Documents/github/study/2019/tcar_sample/Libraries/libsvc.a
LOAD C:/Users/ergop/Documents/github/study/2019/tcar_sample/Libraries/libtk.a
LOAD C:/Users/ergop/Documents/github/study/2019/tcar_sample/Libraries/libtkernel.a
LOAD C:/Users/ergop/Documents/github/study/2019/tcar_sample/Libraries/libtm.a
LOAD C:/Users/ergop/Documents/github/study/2019/tcar_sample/Libraries/libutkn_hci.a
LOAD C:/Users/ergop/Documents/github/study/2019/tcar_sample/Drivers/adcdrv.o
LOAD C:/Users/ergop/Documents/github/study/2019/tcar_sample/Drivers/ambient.o
LOAD C:/Users/ergop/Documents/github/study/2019/tcar_sample/Drivers/arduino.o
LOAD C:/Users/ergop/Documents/github/study/2019/tcar_sample/Drivers/cruise.o
LOAD C:/Users/ergop/Documents/github/study/2019/tcar_sample/Drivers/gpiodrv.o
LOAD C:/Users/ergop/Documents/github/study/2019/tcar_sample/Drivers/i2c.o
LOAD C:/Users/ergop/Documents/github/study/2019/tcar_sample/Drivers/joystick.o
LOAD C:/Users/ergop/Documents/github/study/2019/tcar_sample/Drivers/led.o
LOAD C:/Users/ergop/Documents/github/study/2019/tcar_sample/Drivers/motion.o
LOAD C:/Users/ergop/Documents/github/study/2019/tcar_sample/Drivers/range.o
LOAD C:/Users/ergop/Documents/github/study/2019/tcar_sample/Drivers/road.o
LOAD C:/Users/ergop/Documents/github/study/2019/tcar_sample/Drivers/uart.o
END GROUP
OUTPUT(Output/Debug/Exe/tcar_sample.elf elf32-littlearm)

.debug_info     0x0000000000000000      0x1f4
 .debug_info    0x0000000000000000      0x137 Output/tcar_sample Debug/Obj/inittask_def.o
 .debug_info    0x0000000000000137       0xbd Output/tcar_sample Debug/Obj/usermain.o

.debug_abbrev   0x0000000000000000      0x126
 .debug_abbrev  0x0000000000000000       0xa2 Output/tcar_sample Debug/Obj/inittask_def.o
 .debug_abbrev  0x00000000000000a2       0x84 Output/tcar_sample Debug/Obj/usermain.o

.debug_pubnames
                0x0000000000000000       0x45
 .debug_pubnames
                0x0000000000000000       0x26 Output/tcar_sample Debug/Obj/inittask_def.o
 .debug_pubnames
                0x0000000000000026       0x1f Output/tcar_sample Debug/Obj/usermain.o

.debug_pubtypes
                0x0000000000000000      0x18a
 .debug_pubtypes
                0x0000000000000000       0xde Output/tcar_sample Debug/Obj/inittask_def.o
 .debug_pubtypes
                0x00000000000000de       0xac Output/tcar_sample Debug/Obj/usermain.o

.debug_aranges  0x0000000000000000       0x38
 .debug_aranges
                0x0000000000000000       0x18 Output/tcar_sample Debug/Obj/inittask_def.o
 .debug_aranges
                0x0000000000000018       0x20 Output/tcar_sample Debug/Obj/usermain.o

.debug_macro    0x0000000000000000     0x2c16
 .debug_macro   0x0000000000000000      0x1da Output/tcar_sample Debug/Obj/inittask_def.o
 .debug_macro   0x00000000000001da      0xa9c Output/tcar_sample Debug/Obj/inittask_def.o
 .debug_macro   0x0000000000000c76       0x22 Output/tcar_sample Debug/Obj/inittask_def.o
 .debug_macro   0x0000000000000c98       0x34 Output/tcar_sample Debug/Obj/inittask_def.o
 .debug_macro   0x0000000000000ccc       0x1c Output/tcar_sample Debug/Obj/inittask_def.o
 .debug_macro   0x0000000000000ce8       0x16 Output/tcar_sample Debug/Obj/inittask_def.o
 .debug_macro   0x0000000000000cfe       0x34 Output/tcar_sample Debug/Obj/inittask_def.o
 .debug_macro   0x0000000000000d32       0x34 Output/tcar_sample Debug/Obj/inittask_def.o
 .debug_macro   0x0000000000000d66       0x22 Output/tcar_sample Debug/Obj/inittask_def.o
 .debug_macro   0x0000000000000d88       0xac Output/tcar_sample Debug/Obj/inittask_def.o
 .debug_macro   0x0000000000000e34      0x246 Output/tcar_sample Debug/Obj/inittask_def.o
 .debug_macro   0x000000000000107a      0x28b Output/tcar_sample Debug/Obj/inittask_def.o
 .debug_macro   0x0000000000001305       0x10 Output/tcar_sample Debug/Obj/inittask_def.o
 .debug_macro   0x0000000000001315      0x118 Output/tcar_sample Debug/Obj/inittask_def.o
 .debug_macro   0x000000000000142d      0x51e Output/tcar_sample Debug/Obj/inittask_def.o
 .debug_macro   0x000000000000194b      0x256 Output/tcar_sample Debug/Obj/inittask_def.o
 .debug_macro   0x0000000000001ba1      0x118 Output/tcar_sample Debug/Obj/inittask_def.o
 .debug_macro   0x0000000000001cb9      0x107 Output/tcar_sample Debug/Obj/inittask_def.o
 .debug_macro   0x0000000000001dc0      0x17e Output/tcar_sample Debug/Obj/inittask_def.o
 .debug_macro   0x0000000000001f3e      0x8e3 Output/tcar_sample Debug/Obj/inittask_def.o
 .debug_macro   0x0000000000002821       0x3a Output/tcar_sample Debug/Obj/inittask_def.o
 .debug_macro   0x000000000000285b      0x18f Output/tcar_sample Debug/Obj/inittask_def.o
 .debug_macro   0x00000000000029ea       0x28 Output/tcar_sample Debug/Obj/inittask_def.o
 .debug_macro   0x0000000000002a12      0x1f4 Output/tcar_sample Debug/Obj/usermain.o
 .debug_macro   0x0000000000002c06       0x10 Output/tcar_sample Debug/Obj/usermain.o

.debug_line     0x0000000000000000      0xf19
 .debug_line    0x0000000000000000      0x706 Output/tcar_sample Debug/Obj/inittask_def.o
 .debug_line    0x0000000000000706      0x813 Output/tcar_sample Debug/Obj/usermain.o

.debug_str      0x0000000000000000     0x9fbe
 .debug_str     0x0000000000000000     0x9f0b Output/tcar_sample Debug/Obj/inittask_def.o
                                       0x9f6f (size before relaxing)
 .debug_str     0x0000000000009f0b       0xb3 Output/tcar_sample Debug/Obj/usermain.o
                                       0x9eea (size before relaxing)

.comment        0x0000000000000000       0x74
 .comment       0x0000000000000000       0x43 Output/tcar_sample Debug/Obj/inittask_def.o
                                         0x44 (size before relaxing)
 .comment       0x0000000000000043       0x44 Output/tcar_sample Debug/Obj/usermain.o
 .comment       0x0000000000000043       0x31 C:/Users/ergop/Documents/github/study/2019/tcar_sample/Libraries/clock_mode.o
                                         0x32 (size before relaxing)
 .comment       0x0000000000000074       0x32 C:/Users/ergop/Documents/github/study/2019/tcar_sample/Libraries/inittask_main.o
 .comment       0x0000000000000074       0x32 C:/Users/ergop/Documents/github/study/2019/tcar_sample/Libraries/power.o
 .comment       0x0000000000000074       0xc8 C:/Users/ergop/Documents/github/study/2019/tcar_sample/Libraries/sysinit.o
 .comment       0x0000000000000074       0x32 C:/Users/ergop/Documents/github/study/2019/tcar_sample/Libraries/libtk.a(int.o)
 .comment       0x0000000000000074       0x32 C:/Users/ergop/Documents/github/study/2019/tcar_sample/Libraries/libtkernel.a(tkstart.o)
 .comment       0x0000000000000074       0x32 C:/Users/ergop/Documents/github/study/2019/tcar_sample/Libraries/libtkernel.a(timer.o)
 .comment       0x0000000000000074       0x32 C:/Users/ergop/Documents/github/study/2019/tcar_sample/Libraries/libtkernel.a(tkdev_init.o)
 .comment       0x0000000000000074       0x32 C:/Users/ergop/Documents/github/study/2019/tcar_sample/Libraries/libtkernel.a(cpu_init.o)
 .comment       0x0000000000000074       0x32 C:/Users/ergop/Documents/github/study/2019/tcar_sample/Libraries/libtkernel.a(tk_cre_tsk.o)
 .comment       0x0000000000000074       0x32 C:/Users/ergop/Documents/github/study/2019/tcar_sample/Libraries/libtkernel.a(tk_sta_tsk.o)
 .comment       0x0000000000000074       0x32 C:/Users/ergop/Documents/github/study/2019/tcar_sample/Libraries/libtkernel.a(hll_inthdr.o)
 .comment       0x0000000000000074       0x32 C:/Users/ergop/Documents/github/study/2019/tcar_sample/Libraries/libtkernel.a(tk_dly_tsk.o)
 .comment       0x0000000000000074       0x32 C:/Users/ergop/Documents/github/study/2019/tcar_sample/Libraries/libtkernel.a(lowpow_discnt.o)
 .comment       0x0000000000000074       0x32 C:/Users/ergop/Documents/github/study/2019/tcar_sample/Libraries/libtkernel.a(svc_ientry.o)
 .comment       0x0000000000000074       0x32 C:/Users/ergop/Documents/github/study/2019/tcar_sample/Libraries/libtkernel.a(eventflag_initialize.o)
 .comment       0x0000000000000074       0x32 C:/Users/ergop/Documents/github/study/2019/tcar_sample/Libraries/libtkernel.a(mailbox_initialize.o)
 .comment       0x0000000000000074       0x32 C:/Users/ergop/Documents/github/study/2019/tcar_sample/Libraries/libtkernel.a(fix_memorypool_initialize.o)
 .comment       0x0000000000000074       0x32 C:/Users/ergop/Documents/github/study/2019/tcar_sample/Libraries/libtkernel.a(memorypool_initialize.o)
 .comment       0x0000000000000074       0x32 C:/Users/ergop/Documents/github/study/2019/tcar_sample/Libraries/libtkernel.a(messagebuffer_initialize.o)
 .comment       0x0000000000000074       0x32 C:/Users/ergop/Documents/github/study/2019/tcar_sample/Libraries/libtkernel.a(mutex_initialize.o)
 .comment       0x0000000000000074       0x32 C:/Users/ergop/Documents/github/study/2019/tcar_sample/Libraries/libtkernel.a(rendezvous_initialize.o)
 .comment       0x0000000000000074       0x32 C:/Users/ergop/Documents/github/study/2019/tcar_sample/Libraries/libtkernel.a(semaphore_initialize.o)
 .comment       0x0000000000000074       0x32 C:/Users/ergop/Documents/github/study/2019/tcar_sample/Libraries/libtkernel.a(cyclichandler_initialize.o)
 .comment       0x0000000000000074       0x32 C:/Users/ergop/Documents/github/study/2019/tcar_sample/Libraries/libtkernel.a(alarmhandler_initialize.o)
 .comment       0x0000000000000074       0x32 C:/Users/ergop/Documents/github/study/2019/tcar_sample/Libraries/libtkernel.a(subsystem_initialize.o)
 .comment       0x0000000000000074       0x32 C:/Users/ergop/Documents/github/study/2019/tcar_sample/Libraries/libtkernel.a(initialize_devmgr.o)
 .comment       0x0000000000000074       0x32 C:/Users/ergop/Documents/github/study/2019/tcar_sample/Libraries/libtkernel.a(finish_devmgr.o)
 .comment       0x0000000000000074       0x32 C:/Users/ergop/Documents/github/study/2019/tcar_sample/Libraries/libtkernel.a(flgcb_table.o)
 .comment       0x0000000000000074       0x32 C:/Users/ergop/Documents/github/study/2019/tcar_sample/Libraries/libtkernel.a(mbxcb_table.o)
 .comment       0x0000000000000074       0x32 C:/Users/ergop/Documents/github/study/2019/tcar_sample/Libraries/libtkernel.a(mpfcb_table.o)
 .comment       0x0000000000000074       0x32 C:/Users/ergop/Documents/github/study/2019/tcar_sample/Libraries/libtkernel.a(mplcb_table.o)
 .comment       0x0000000000000074       0x32 C:/Users/ergop/Documents/github/study/2019/tcar_sample/Libraries/libtkernel.a(mbfcb_table.o)
 .comment       0x0000000000000074       0x32 C:/Users/ergop/Documents/github/study/2019/tcar_sample/Libraries/libtkernel.a(mtxcb_table.o)
 .comment       0x0000000000000074       0x32 C:/Users/ergop/Documents/github/study/2019/tcar_sample/Libraries/libtkernel.a(porcb_table.o)
 .comment       0x0000000000000074       0x32 C:/Users/ergop/Documents/github/study/2019/tcar_sample/Libraries/libtkernel.a(semcb_table.o)
 .comment       0x0000000000000074       0x32 C:/Users/ergop/Documents/github/study/2019/tcar_sample/Libraries/libtkernel.a(cyccb_table.o)
 .comment       0x0000000000000074       0x32 C:/Users/ergop/Documents/github/study/2019/tcar_sample/Libraries/libtkernel.a(almcb_table.o)
 .comment       0x0000000000000074       0x32 C:/Users/ergop/Documents/github/study/2019/tcar_sample/Libraries/libtkernel.a(ssycb_table.o)
 .comment       0x0000000000000074       0x32 C:/Users/ergop/Documents/github/study/2019/tcar_sample/Libraries/libtkernel.a(devcbtbl.o)
 .comment       0x0000000000000074       0x32 C:/Users/ergop/Documents/github/study/2019/tcar_sample/Libraries/libtkernel.a(devmgrlock.o)
 .comment       0x0000000000000074       0x32 C:/Users/ergop/Documents/github/study/2019/tcar_sample/Libraries/libtkernel.a(defaultidev.o)
 .comment       0x0000000000000074       0x32 C:/Users/ergop/Documents/github/study/2019/tcar_sample/Libraries/libtkernel.a(ctxtsk.o)
 .comment       0x0000000000000074       0x32 C:/Users/ergop/Documents/github/study/2019/tcar_sample/Libraries/libtkernel.a(tcb_table.o)
 .comment       0x0000000000000074       0x32 C:/Users/ergop/Documents/github/study/2019/tcar_sample/Libraries/libtkernel.a(task_initialize.o)
 .comment       0x0000000000000074       0x32 C:/Users/ergop/Documents/github/study/2019/tcar_sample/Libraries/libtkernel.a(make_dormant.o)
 .comment       0x0000000000000074       0x32 C:/Users/ergop/Documents/github/study/2019/tcar_sample/Libraries/libtkernel.a(make_ready.o)
 .comment       0x0000000000000074       0x32 C:/Users/ergop/Documents/github/study/2019/tcar_sample/Libraries/libtkernel.a(make_wait_reltim.o)
 .comment       0x0000000000000074       0x32 C:/Users/ergop/Documents/github/study/2019/tcar_sample/Libraries/libtkernel.a(imalloc.o)
 .comment       0x0000000000000074       0x32 C:/Users/ergop/Documents/github/study/2019/tcar_sample/Libraries/libtkernel.a(ifree.o)
 .comment       0x0000000000000074       0x32 C:/Users/ergop/Documents/github/study/2019/tcar_sample/Libraries/libtkernel.a(init_imalloc.o)
 .comment       0x0000000000000074       0x32 C:/Users/ergop/Documents/github/study/2019/tcar_sample/Libraries/libtkernel.a(devmgr_startup.o)
 .comment       0x0000000000000074       0x32 C:/Users/ergop/Documents/github/study/2019/tcar_sample/Libraries/libtkernel.a(devmgr_cleanup.o)
 .comment       0x0000000000000074       0x32 C:/Users/ergop/Documents/github/study/2019/tcar_sample/Libraries/libtkernel.a(initdevio.o)
 .comment       0x0000000000000074       0x32 C:/Users/ergop/Documents/github/study/2019/tcar_sample/Libraries/libtkernel.a(finishdevio.o)
 .comment       0x0000000000000074       0x32 C:/Users/ergop/Documents/github/study/2019/tcar_sample/Libraries/libtkernel.a(close_device.o)
 .comment       0x0000000000000074       0x32 C:/Users/ergop/Documents/github/study/2019/tcar_sample/Libraries/libtkernel.a(opncbtbl.o)
 .comment       0x0000000000000074       0x32 C:/Users/ergop/Documents/github/study/2019/tcar_sample/Libraries/libtkernel.a(reqcbtbl.o)
 .comment       0x0000000000000074       0x32 C:/Users/ergop/Documents/github/study/2019/tcar_sample/Libraries/libtkernel.a(resource_control_block.o)
 .comment       0x0000000000000074       0x32 C:/Users/ergop/Documents/github/study/2019/tcar_sample/Libraries/libtkernel.a(dissuscnt.o)
 .comment       0x0000000000000074       0x32 C:/Users/ergop/Documents/github/study/2019/tcar_sample/Libraries/libtkernel.a(make_non_ready.o)
 .comment       0x0000000000000074       0x32 C:/Users/ergop/Documents/github/study/2019/tcar_sample/Libraries/libtkernel.a(wait_release_tmout.o)
 .comment       0x0000000000000074       0x32 C:/Users/ergop/Documents/github/study/2019/tcar_sample/Libraries/libtkernel.a(searchfreearea.o)
 .comment       0x0000000000000074       0x32 C:/Users/ergop/Documents/github/study/2019/tcar_sample/Libraries/libtkernel.a(appendfreearea.o)
 .comment       0x0000000000000074       0x32 C:/Users/ergop/Documents/github/study/2019/tcar_sample/Libraries/libtkernel.a(removefreeque.o)
 .comment       0x0000000000000074       0x32 C:/Users/ergop/Documents/github/study/2019/tcar_sample/Libraries/libtkernel.a(insertareaque.o)
 .comment       0x0000000000000074       0x32 C:/Users/ergop/Documents/github/study/2019/tcar_sample/Libraries/libtkernel.a(removeareaque.o)
 .comment       0x0000000000000074       0x32 C:/Users/ergop/Documents/github/study/2019/tcar_sample/Libraries/libtkernel.a(imacb.o)
 .comment       0x0000000000000074       0x32 C:/Users/ergop/Documents/github/study/2019/tcar_sample/Libraries/libtkernel.a(tk_get_tid.o)
 .comment       0x0000000000000074       0x32 C:/Users/ergop/Documents/github/study/2019/tcar_sample/Libraries/libtkernel.a(tk_del_sem.o)
 .comment       0x0000000000000074       0x32 C:/Users/ergop/Documents/github/study/2019/tcar_sample/Libraries/libtkernel.a(tk_wai_sem.o)
 .comment       0x0000000000000074       0x32 C:/Users/ergop/Documents/github/study/2019/tcar_sample/Libraries/libtkernel.a(delopncb.o)
 .comment       0x0000000000000074       0x32 C:/Users/ergop/Documents/github/study/2019/tcar_sample/Libraries/libtkernel.a(delreqcb.o)
 .comment       0x0000000000000074       0x32 C:/Users/ergop/Documents/github/study/2019/tcar_sample/Libraries/libtkernel.a(chkopen.o)
 .comment       0x0000000000000074       0x32 C:/Users/ergop/Documents/github/study/2019/tcar_sample/Libraries/libtkernel.a(wait_release_ok.o)
 .comment       0x0000000000000074       0x32 C:/Users/ergop/Documents/github/study/2019/tcar_sample/Libraries/libtkernel.a(wait_delete.o)
 .comment       0x0000000000000074       0x32 C:/Users/ergop/Documents/github/study/2019/tcar_sample/Libraries/libtkernel.a(gcb_make_wait.o)
 .comment       0x0000000000000074       0x32 C:/Users/ergop/Documents/github/study/2019/tcar_sample/Libraries/libtkernel.a(gcb_change_priority.o)
 .comment       0x0000000000000074       0x32 C:/Users/ergop/Documents/github/study/2019/tcar_sample/Libraries/libtkernel.a(gcb_top_of_wait_queue.o)
 .comment       0x0000000000000074       0x32 C:/Users/ergop/Documents/github/study/2019/tcar_sample/Libraries/libtkernel.a(make_wait.o)
 .comment       0x0000000000000074       0x32 C:/Users/ergop/Documents/github/study/2019/tcar_sample/Libraries/libtm.a(tm_monitor.o)
 .comment       0x0000000000000074       0x32 C:/Users/ergop/Documents/github/study/2019/tcar_sample/Libraries/libtm.a(tm_putstring.o)
 .comment       0x0000000000000074       0x32 C:/Users/ergop/Documents/github/study/2019/tcar_sample/Libraries/libtm.a(tm_exit.o)
 .comment       0x0000000000000074       0x32 C:/Users/ergop/Documents/github/study/2019/tcar_sample/Libraries/libtm.a(SEGGER_RTT.o)
 .comment       0x0000000000000074       0x32 C:/Users/ergop/Documents/github/study/2019/tcar_sample/Libraries/libtm.a(tm_putchar.o)
 .comment       0x0000000000000074       0x32 C:/Users/ergop/Documents/github/study/2019/tcar_sample/Libraries/libstr.a(memset.o)
 .comment       0x0000000000000074       0x32 C:/Users/ergop/Documents/github/study/2019/tcar_sample/Libraries/libstr.a(memcpy.o)
 .comment       0x0000000000000074       0x32 C:/Users/ergop/Documents/github/study/2019/tcar_sample/Libraries/libtk.a(mlock.o)
 .comment       0x0000000000000074       0x32 C:/Users/ergop/Documents/github/study/2019/tcar_sample/Libraries/libtk.a(munlock.o)
 .comment       0x0000000000000074       0x32 C:/Users/ergop/Documents/github/study/2019/tcar_sample/Libraries/libtk.a(createmlock.o)
 .comment       0x0000000000000074       0x32 C:/Users/ergop/Documents/github/study/2019/tcar_sample/Libraries/libtk.a(deletemlock.o)
 .comment       0x0000000000000074       0x32 C:/Users/ergop/Documents/github/study/2019/tcar_sample/Libraries/libtk.a(mlocktmo.o)
 .comment       0x0000000000000074       0x32 C:/Users/ergop/Documents/github/study/2019/tcar_sample/Libraries/libtkernel.a(tk_cre_flg.o)
 .comment       0x0000000000000074       0x32 C:/Users/ergop/Documents/github/study/2019/tcar_sample/Libraries/libtkernel.a(tk_del_flg.o)
 .comment       0x0000000000000074       0x32 C:/Users/ergop/Documents/github/study/2019/tcar_sample/Libraries/libtkernel.a(tk_set_flg.o)
 .comment       0x0000000000000074       0x32 C:/Users/ergop/Documents/github/study/2019/tcar_sample/Libraries/libtkernel.a(tk_wai_flg.o)
 .comment       0x0000000000000074       0x32 C:/Users/ergop/Documents/github/study/2019/tcar_sample/Libraries/libstr.a(strncpy.o)

.ARM.attributes
                0x0000000000000000       0x31
 .ARM.attributes
                0x0000000000000000       0x31 Output/tcar_sample Debug/Obj/inittask_def.o
 .ARM.attributes
                0x0000000000000031       0x31 Output/tcar_sample Debug/Obj/usermain.o
 .ARM.attributes
                0x0000000000000062       0x33 C:/Users/ergop/Documents/github/study/2019/tcar_sample/Libraries/clock_mode.o
 .ARM.attributes
                0x0000000000000095       0x21 C:/Users/ergop/Documents/github/study/2019/tcar_sample/Libraries/icrt0.o
 .ARM.attributes
                0x00000000000000b6       0x33 C:/Users/ergop/Documents/github/study/2019/tcar_sample/Libraries/inittask_main.o
 .ARM.attributes
                0x00000000000000e9       0x33 C:/Users/ergop/Documents/github/study/2019/tcar_sample/Libraries/power.o
 .ARM.attributes
                0x000000000000011c       0x21 C:/Users/ergop/Documents/github/study/2019/tcar_sample/Libraries/rom_init.o
 .ARM.attributes
                0x000000000000013d       0x21 C:/Users/ergop/Documents/github/study/2019/tcar_sample/Libraries/startup.o
 .ARM.attributes
                0x000000000000015e       0x33 C:/Users/ergop/Documents/github/study/2019/tcar_sample/Libraries/sysinit.o
 .ARM.attributes
                0x0000000000000191       0x21 C:/Users/ergop/Documents/github/study/2019/tcar_sample/Libraries/vector.o
 .ARM.attributes
                0x00000000000001b2       0x33 C:/Users/ergop/Documents/github/study/2019/tcar_sample/Libraries/libtk.a(int.o)
 .ARM.attributes
                0x00000000000001e5       0x21 C:/Users/ergop/Documents/github/study/2019/tcar_sample/Libraries/libtk.a(disint.o)
 .ARM.attributes
                0x0000000000000206       0x33 C:/Users/ergop/Documents/github/study/2019/tcar_sample/Libraries/libtkernel.a(tkstart.o)
 .ARM.attributes
                0x0000000000000239       0x33 C:/Users/ergop/Documents/github/study/2019/tcar_sample/Libraries/libtkernel.a(timer.o)
 .ARM.attributes
                0x000000000000026c       0x33 C:/Users/ergop/Documents/github/study/2019/tcar_sample/Libraries/libtkernel.a(tkdev_init.o)
 .ARM.attributes
                0x000000000000029f       0x33 C:/Users/ergop/Documents/github/study/2019/tcar_sample/Libraries/libtkernel.a(cpu_init.o)
 .ARM.attributes
                0x00000000000002d2       0x21 C:/Users/ergop/Documents/github/study/2019/tcar_sample/Libraries/libtkernel.a(cpu_support.o)
 .ARM.attributes
                0x00000000000002f3       0x33 C:/Users/ergop/Documents/github/study/2019/tcar_sample/Libraries/libtkernel.a(tk_cre_tsk.o)
 .ARM.attributes
                0x0000000000000326       0x33 C:/Users/ergop/Documents/github/study/2019/tcar_sample/Libraries/libtkernel.a(tk_sta_tsk.o)
 .ARM.attributes
                0x0000000000000359       0x33 C:/Users/ergop/Documents/github/study/2019/tcar_sample/Libraries/libtkernel.a(hll_inthdr.o)
 .ARM.attributes
                0x000000000000038c       0x33 C:/Users/ergop/Documents/github/study/2019/tcar_sample/Libraries/libtkernel.a(tk_dly_tsk.o)
 .ARM.attributes
                0x00000000000003bf       0x33 C:/Users/ergop/Documents/github/study/2019/tcar_sample/Libraries/libtkernel.a(lowpow_discnt.o)
 .ARM.attributes
                0x00000000000003f2       0x33 C:/Users/ergop/Documents/github/study/2019/tcar_sample/Libraries/libtkernel.a(svc_ientry.o)
 .ARM.attributes
                0x0000000000000425       0x33 C:/Users/ergop/Documents/github/study/2019/tcar_sample/Libraries/libtkernel.a(eventflag_initialize.o)
 .ARM.attributes
                0x0000000000000458       0x33 C:/Users/ergop/Documents/github/study/2019/tcar_sample/Libraries/libtkernel.a(mailbox_initialize.o)
 .ARM.attributes
                0x000000000000048b       0x33 C:/Users/ergop/Documents/github/study/2019/tcar_sample/Libraries/libtkernel.a(fix_memorypool_initialize.o)
 .ARM.attributes
                0x00000000000004be       0x33 C:/Users/ergop/Documents/github/study/2019/tcar_sample/Libraries/libtkernel.a(memorypool_initialize.o)
 .ARM.attributes
                0x00000000000004f1       0x33 C:/Users/ergop/Documents/github/study/2019/tcar_sample/Libraries/libtkernel.a(messagebuffer_initialize.o)
 .ARM.attributes
                0x0000000000000524       0x33 C:/Users/ergop/Documents/github/study/2019/tcar_sample/Libraries/libtkernel.a(mutex_initialize.o)
 .ARM.attributes
                0x0000000000000557       0x33 C:/Users/ergop/Documents/github/study/2019/tcar_sample/Libraries/libtkernel.a(rendezvous_initialize.o)
 .ARM.attributes
                0x000000000000058a       0x33 C:/Users/ergop/Documents/github/study/2019/tcar_sample/Libraries/libtkernel.a(semaphore_initialize.o)
 .ARM.attributes
                0x00000000000005bd       0x33 C:/Users/ergop/Documents/github/study/2019/tcar_sample/Libraries/libtkernel.a(cyclichandler_initialize.o)
 .ARM.attributes
                0x00000000000005f0       0x33 C:/Users/ergop/Documents/github/study/2019/tcar_sample/Libraries/libtkernel.a(alarmhandler_initialize.o)
 .ARM.attributes
                0x0000000000000623       0x33 C:/Users/ergop/Documents/github/study/2019/tcar_sample/Libraries/libtkernel.a(subsystem_initialize.o)
 .ARM.attributes
                0x0000000000000656       0x33 C:/Users/ergop/Documents/github/study/2019/tcar_sample/Libraries/libtkernel.a(initialize_devmgr.o)
 .ARM.attributes
                0x0000000000000689       0x33 C:/Users/ergop/Documents/github/study/2019/tcar_sample/Libraries/libtkernel.a(finish_devmgr.o)
 .ARM.attributes
                0x00000000000006bc       0x33 C:/Users/ergop/Documents/github/study/2019/tcar_sample/Libraries/libtkernel.a(flgcb_table.o)
 .ARM.attributes
                0x00000000000006ef       0x33 C:/Users/ergop/Documents/github/study/2019/tcar_sample/Libraries/libtkernel.a(mbxcb_table.o)
 .ARM.attributes
                0x0000000000000722       0x33 C:/Users/ergop/Documents/github/study/2019/tcar_sample/Libraries/libtkernel.a(mpfcb_table.o)
 .ARM.attributes
                0x0000000000000755       0x33 C:/Users/ergop/Documents/github/study/2019/tcar_sample/Libraries/libtkernel.a(mplcb_table.o)
 .ARM.attributes
                0x0000000000000788       0x33 C:/Users/ergop/Documents/github/study/2019/tcar_sample/Libraries/libtkernel.a(mbfcb_table.o)
 .ARM.attributes
                0x00000000000007bb       0x33 C:/Users/ergop/Documents/github/study/2019/tcar_sample/Libraries/libtkernel.a(mtxcb_table.o)
 .ARM.attributes
                0x00000000000007ee       0x33 C:/Users/ergop/Documents/github/study/2019/tcar_sample/Libraries/libtkernel.a(porcb_table.o)
 .ARM.attributes
                0x0000000000000821       0x33 C:/Users/ergop/Documents/github/study/2019/tcar_sample/Libraries/libtkernel.a(semcb_table.o)
 .ARM.attributes
                0x0000000000000854       0x33 C:/Users/ergop/Documents/github/study/2019/tcar_sample/Libraries/libtkernel.a(cyccb_table.o)
 .ARM.attributes
                0x0000000000000887       0x33 C:/Users/ergop/Documents/github/study/2019/tcar_sample/Libraries/libtkernel.a(almcb_table.o)
 .ARM.attributes
                0x00000000000008ba       0x33 C:/Users/ergop/Documents/github/study/2019/tcar_sample/Libraries/libtkernel.a(ssycb_table.o)
 .ARM.attributes
                0x00000000000008ed       0x33 C:/Users/ergop/Documents/github/study/2019/tcar_sample/Libraries/libtkernel.a(devcbtbl.o)
 .ARM.attributes
                0x0000000000000920       0x33 C:/Users/ergop/Documents/github/study/2019/tcar_sample/Libraries/libtkernel.a(devmgrlock.o)
 .ARM.attributes
                0x0000000000000953       0x33 C:/Users/ergop/Documents/github/study/2019/tcar_sample/Libraries/libtkernel.a(defaultidev.o)
 .ARM.attributes
                0x0000000000000986       0x33 C:/Users/ergop/Documents/github/study/2019/tcar_sample/Libraries/libtkernel.a(ctxtsk.o)
 .ARM.attributes
                0x00000000000009b9       0x33 C:/Users/ergop/Documents/github/study/2019/tcar_sample/Libraries/libtkernel.a(tcb_table.o)
 .ARM.attributes
                0x00000000000009ec       0x33 C:/Users/ergop/Documents/github/study/2019/tcar_sample/Libraries/libtkernel.a(task_initialize.o)
 .ARM.attributes
                0x0000000000000a1f       0x33 C:/Users/ergop/Documents/github/study/2019/tcar_sample/Libraries/libtkernel.a(make_dormant.o)
 .ARM.attributes
                0x0000000000000a52       0x33 C:/Users/ergop/Documents/github/study/2019/tcar_sample/Libraries/libtkernel.a(make_ready.o)
 .ARM.attributes
                0x0000000000000a85       0x33 C:/Users/ergop/Documents/github/study/2019/tcar_sample/Libraries/libtkernel.a(make_wait_reltim.o)
 .ARM.attributes
                0x0000000000000ab8       0x33 C:/Users/ergop/Documents/github/study/2019/tcar_sample/Libraries/libtkernel.a(imalloc.o)
 .ARM.attributes
                0x0000000000000aeb       0x33 C:/Users/ergop/Documents/github/study/2019/tcar_sample/Libraries/libtkernel.a(ifree.o)
 .ARM.attributes
                0x0000000000000b1e       0x33 C:/Users/ergop/Documents/github/study/2019/tcar_sample/Libraries/libtkernel.a(init_imalloc.o)
 .ARM.attributes
                0x0000000000000b51       0x33 C:/Users/ergop/Documents/github/study/2019/tcar_sample/Libraries/libtkernel.a(devmgr_startup.o)
 .ARM.attributes
                0x0000000000000b84       0x33 C:/Users/ergop/Documents/github/study/2019/tcar_sample/Libraries/libtkernel.a(devmgr_cleanup.o)
 .ARM.attributes
                0x0000000000000bb7       0x33 C:/Users/ergop/Documents/github/study/2019/tcar_sample/Libraries/libtkernel.a(initdevio.o)
 .ARM.attributes
                0x0000000000000bea       0x33 C:/Users/ergop/Documents/github/study/2019/tcar_sample/Libraries/libtkernel.a(finishdevio.o)
 .ARM.attributes
                0x0000000000000c1d       0x33 C:/Users/ergop/Documents/github/study/2019/tcar_sample/Libraries/libtkernel.a(close_device.o)
 .ARM.attributes
                0x0000000000000c50       0x33 C:/Users/ergop/Documents/github/study/2019/tcar_sample/Libraries/libtkernel.a(opncbtbl.o)
 .ARM.attributes
                0x0000000000000c83       0x33 C:/Users/ergop/Documents/github/study/2019/tcar_sample/Libraries/libtkernel.a(reqcbtbl.o)
 .ARM.attributes
                0x0000000000000cb6       0x33 C:/Users/ergop/Documents/github/study/2019/tcar_sample/Libraries/libtkernel.a(resource_control_block.o)
 .ARM.attributes
                0x0000000000000ce9       0x33 C:/Users/ergop/Documents/github/study/2019/tcar_sample/Libraries/libtkernel.a(dissuscnt.o)
 .ARM.attributes
                0x0000000000000d1c       0x33 C:/Users/ergop/Documents/github/study/2019/tcar_sample/Libraries/libtkernel.a(make_non_ready.o)
 .ARM.attributes
                0x0000000000000d4f       0x33 C:/Users/ergop/Documents/github/study/2019/tcar_sample/Libraries/libtkernel.a(wait_release_tmout.o)
 .ARM.attributes
                0x0000000000000d82       0x33 C:/Users/ergop/Documents/github/study/2019/tcar_sample/Libraries/libtkernel.a(searchfreearea.o)
 .ARM.attributes
                0x0000000000000db5       0x33 C:/Users/ergop/Documents/github/study/2019/tcar_sample/Libraries/libtkernel.a(appendfreearea.o)
 .ARM.attributes
                0x0000000000000de8       0x33 C:/Users/ergop/Documents/github/study/2019/tcar_sample/Libraries/libtkernel.a(removefreeque.o)
 .ARM.attributes
                0x0000000000000e1b       0x33 C:/Users/ergop/Documents/github/study/2019/tcar_sample/Libraries/libtkernel.a(insertareaque.o)
 .ARM.attributes
                0x0000000000000e4e       0x33 C:/Users/ergop/Documents/github/study/2019/tcar_sample/Libraries/libtkernel.a(removeareaque.o)
 .ARM.attributes
                0x0000000000000e81       0x33 C:/Users/ergop/Documents/github/study/2019/tcar_sample/Libraries/libtkernel.a(imacb.o)
 .ARM.attributes
                0x0000000000000eb4       0x33 C:/Users/ergop/Documents/github/study/2019/tcar_sample/Libraries/libtkernel.a(tk_get_tid.o)
 .ARM.attributes
                0x0000000000000ee7       0x33 C:/Users/ergop/Documents/github/study/2019/tcar_sample/Libraries/libtkernel.a(tk_del_sem.o)
 .ARM.attributes
                0x0000000000000f1a       0x33 C:/Users/ergop/Documents/github/study/2019/tcar_sample/Libraries/libtkernel.a(tk_wai_sem.o)
 .ARM.attributes
                0x0000000000000f4d       0x33 C:/Users/ergop/Documents/github/study/2019/tcar_sample/Libraries/libtkernel.a(delopncb.o)
 .ARM.attributes
                0x0000000000000f80       0x33 C:/Users/ergop/Documents/github/study/2019/tcar_sample/Libraries/libtkernel.a(delreqcb.o)
 .ARM.attributes
                0x0000000000000fb3       0x33 C:/Users/ergop/Documents/github/study/2019/tcar_sample/Libraries/libtkernel.a(chkopen.o)
 .ARM.attributes
                0x0000000000000fe6       0x33 C:/Users/ergop/Documents/github/study/2019/tcar_sample/Libraries/libtkernel.a(wait_release_ok.o)
 .ARM.attributes
                0x0000000000001019       0x33 C:/Users/ergop/Documents/github/study/2019/tcar_sample/Libraries/libtkernel.a(wait_delete.o)
 .ARM.attributes
                0x000000000000104c       0x33 C:/Users/ergop/Documents/github/study/2019/tcar_sample/Libraries/libtkernel.a(gcb_make_wait.o)
 .ARM.attributes
                0x000000000000107f       0x33 C:/Users/ergop/Documents/github/study/2019/tcar_sample/Libraries/libtkernel.a(gcb_change_priority.o)
 .ARM.attributes
                0x00000000000010b2       0x33 C:/Users/ergop/Documents/github/study/2019/tcar_sample/Libraries/libtkernel.a(gcb_top_of_wait_queue.o)
 .ARM.attributes
                0x00000000000010e5       0x33 C:/Users/ergop/Documents/github/study/2019/tcar_sample/Libraries/libtkernel.a(make_wait.o)
 .ARM.attributes
                0x0000000000001118       0x33 C:/Users/ergop/Documents/github/study/2019/tcar_sample/Libraries/libtm.a(tm_monitor.o)
 .ARM.attributes
                0x000000000000114b       0x33 C:/Users/ergop/Documents/github/study/2019/tcar_sample/Libraries/libtm.a(tm_putstring.o)
 .ARM.attributes
                0x000000000000117e       0x33 C:/Users/ergop/Documents/github/study/2019/tcar_sample/Libraries/libtm.a(tm_exit.o)
 .ARM.attributes
                0x00000000000011b1       0x33 C:/Users/ergop/Documents/github/study/2019/tcar_sample/Libraries/libtm.a(SEGGER_RTT.o)
 .ARM.attributes
                0x00000000000011e4       0x33 C:/Users/ergop/Documents/github/study/2019/tcar_sample/Libraries/libtm.a(tm_putchar.o)
 .ARM.attributes
                0x0000000000001217       0x33 C:/Users/ergop/Documents/github/study/2019/tcar_sample/Libraries/libstr.a(memset.o)
 .ARM.attributes
                0x000000000000124a       0x33 C:/Users/ergop/Documents/github/study/2019/tcar_sample/Libraries/libstr.a(memcpy.o)
 .ARM.attributes
                0x000000000000127d       0x33 C:/Users/ergop/Documents/github/study/2019/tcar_sample/Libraries/libtk.a(mlock.o)
 .ARM.attributes
                0x00000000000012b0       0x33 C:/Users/ergop/Documents/github/study/2019/tcar_sample/Libraries/libtk.a(munlock.o)
 .ARM.attributes
                0x00000000000012e3       0x33 C:/Users/ergop/Documents/github/study/2019/tcar_sample/Libraries/libtk.a(createmlock.o)
 .ARM.attributes
                0x0000000000001316       0x33 C:/Users/ergop/Documents/github/study/2019/tcar_sample/Libraries/libtk.a(deletemlock.o)
 .ARM.attributes
                0x0000000000001349       0x33 C:/Users/ergop/Documents/github/study/2019/tcar_sample/Libraries/libtk.a(mlocktmo.o)
 .ARM.attributes
                0x000000000000137c       0x33 C:/Users/ergop/Documents/github/study/2019/tcar_sample/Libraries/libtkernel.a(tk_cre_flg.o)
 .ARM.attributes
                0x00000000000013af       0x33 C:/Users/ergop/Documents/github/study/2019/tcar_sample/Libraries/libtkernel.a(tk_del_flg.o)
 .ARM.attributes
                0x00000000000013e2       0x33 C:/Users/ergop/Documents/github/study/2019/tcar_sample/Libraries/libtkernel.a(tk_set_flg.o)
 .ARM.attributes
                0x0000000000001415       0x33 C:/Users/ergop/Documents/github/study/2019/tcar_sample/Libraries/libtkernel.a(tk_wai_flg.o)
 .ARM.attributes
                0x0000000000001448       0x33 C:/Users/ergop/Documents/github/study/2019/tcar_sample/Libraries/libstr.a(strncpy.o)

.debug_frame    0x0000000000000000       0x38
 .debug_frame   0x0000000000000000       0x38 Output/tcar_sample Debug/Obj/usermain.o

.debug_ranges   0x0000000000000000       0x10
 .debug_ranges  0x0000000000000000       0x10 Output/tcar_sample Debug/Obj/usermain.o
